k__build_skb        :   IO
k__dev_queue_xmit   :   IO
k__local_bh_enable_ip:  IO
k__local_netif_receive_skb_core: IO
netif_receive_skb   :   IO
kdev_gro_receive    :   IO
skb_get_p           :   IO
eth_type_trans      :   IO
kip_finish_output2  :   IO
kip_forward         :   Routing
kip_rcv             :   IO
kipt_do_table       :   Filtering
kread_tsc           :   Filtering
nf_iterate          :   Filtering
ip_route            :   Routing
fib_                :   Routing
start_xmit          :   IO
skb_release         :   IO
xt_ct_target        :   Filtering
net_rx_action       :   IO
napi                :   IO
ipv4_get_l4         :   IO
ipv4_confirm        :   IO
skb_add_rx          :   IO
xfrm                :   Routing
xfrm_lookup         :   Routing
netdev_pick_tx      :   IO
kfree_skb           :   IO
dst_release         :   IO
ip.*output          :   IO
iptable_mangle_hook :   Filtering
iptable_raw_hook    :   Filtering
nf_hook_slow        :   IO
xmit                :   IO
netif_skb           :   IO
gro_receive         :   IO

tcp_mt              :   Filtering
//Valid only for networking tests...

//import_iovec        :   Other
sockfd              :   IO

//NIC Drivers:
i40e                :   IO
mlx5                :   IO

//Kernel quite generic

//Very generic catchs
//eth                 :   IO
//netdev              :   IO
//receive             :   IO
//netmap              :   IO
//lookup              :   Routing
//nf_                 :   Filtering
//ip                  :   IO
//skb                 :   IO

netlink             :   IO
//idle                :   Other
//0x0000              :   Other
//^k                    :   Other

__schedule              : Kernel
@kworker|swapper        : Kernel
smpboot_thread_fn       : Kernel
run_ksoftirqd           : Kernel
