k_raw_spin_lock     :   Kernel
eth_get_headlen     :   Kernel
mem_cache_alloc     :   Kernel
__cache             :   Kernel
skb_network_protocol    :   Kernel
alloc_skb           :   Kernel
kmalloc             :   Kernel
raw_spin_           :   Kernel
irq_entries         :   Kernel
ksize               :   Kernel
softirqentry        :   Kernel
pick_next_task     :   Kernel
kmap_id_range_down  :   Kernel
k__indirect_thunk_start:Kernel
knommu_mapping_error:   Kernel
k.*update_load        :   Kernel
kcheck_addr         :   Kernel
k_try_to_wake_up    :   Kernel
select_estimate     :   Kernel
k.*(fget|list|check_object|check_heap|fput|free)     :   Kernel
virt_addr           :   Kernel
cap_capable         :   Kernel
put_pid             :   Kernel
ns_capable          :   Kernel
ir_ack_apic_edge    :   Kernel
interrupt           :   Kernel
k__schedule         :   Kernel
kswitch_mm_irqs_off :   Kernel
kload_new_mm_cr3    :   Kernel
skv_clone           :   Kernel
time_get            :   Kernel
swio                :   Kernel
find_exception      :   Kernel
mem                 :   Kernel
_page_              :   Kernel
vmalloc             :   Kernel
resched             :   Kernel
security            :   Kernel
rcu                 :   Kernel
ktasklet_action     :   Kernel
page                :   Kernel
unmap               :   Kernel
